95 rows to run (0 already in /Users/derekferguson/rpg/the-prisoner/checkpoints/2026-09-26-human-intents/results.jsonl, resumed)
[2026-09-26T08:01:54.833Z] INFO  [db] Using database path from DMCP_DB_PATH {"dbPath":"/tmp/human-intents-probe-30704.db"}
[2026-09-26T08:01:54.841Z] INFO  [db] Database connection established {"path":"/tmp/human-intents-probe-30704.db"}
[1/95] G1-r1      prisoner/wear/posture mag=slight applicable=true (25.9s)
[2/95] G1-r2      cot/derive/integrity mag=slight applicable=true (22.1s)
[3/95] G1-r3      lock/open/integrity mag=slight applicable=true (42.7s)
[4/95] G1-r4      door/leave/none mag=slight applicable=true (19.4s)
[5/95] G2-r1      cot/derive/integrity mag=slight applicable=true (22.2s)
[6/95] G2-r2      door/open/passage mag=slight applicable=true (38.6s)
[7/95] G2-r3      door/leave/passage mag=slight applicable=true (28.2s)
[8/95] HB-r1      warden/wear/posture mag=slight applicable=true (19.2s)
[9/95] HB-r2      door/leave/passage mag=slight applicable=true (33.2s)
[10/95] HB-r3      warden/wear/posture mag=slight applicable=true (22.1s)
[11/95] HB-r4      none/none/none mag=moderate applicable=false (44s)
[12/95] HB-r5      cot/derive/integrity mag=slight applicable=true (29.1s)
[13/95] HB-r6      lock/open/integrity mag=slight applicable=true (42.8s)
[14/95] HB-r10     door/leave/passage mag=slight applicable=true (57.6s)
[15/95] I25-1      prisoner/conceal/none mag=slight applicable=false (36.9s)
[16/95] I25-2      prisoner/conceal/none mag=slight applicable=false (23.8s)
[17/95] I25-3      warden/noise/none mag=slight applicable=true (31.1s)
[18/95] I25-4      meal_tray/take/none mag=slight applicable=true (24.1s)
[19/95] I25-5      warden/noise/none mag=slight applicable=true (35.2s)
[20/95] I25-6      bar/wear/integrity mag=slight applicable=true (28.9s)
[21/95] I25-7      bar/open/integrity mag=slight applicable=true (37.9s)
[22/95] W-cot-1    cot/wear/integrity mag=slight applicable=true (48.8s)
[23/95] W-cot-2    cot/wear/integrity mag=moderate applicable=true (62.9s)
[24/95] W-bucket-1 bucket/wear/none mag=slight applicable=false (55.1s)
[25/95] W-bucket-2 bucket/derive/none mag=slight applicable=true (43.5s)
[26/95] B7-P01     blanket/derive/integrity mag=slight applicable=true (28.2s)
[27/95] B7-P02     strip/wear/integrity mag=slight applicable=true (49.7s)
[28/95] B7-P03     blanket/derive/integrity mag=moderate applicable=true (26.1s)
[29/95] B7-P04     strip/conceal/concealment mag=slight applicable=true (27.7s)
[30/95] B7-P05     blanket/derive/integrity mag=slight applicable=true (23.3s)
[31/95] B7-P06     strip/conceal/concealment mag=slight applicable=true (27s)
[32/95] B7-P07     strip/derive/integrity mag=slight applicable=true (37.2s)
[33/95] B7-P08     strip/conceal/concealment mag=slight applicable=true (23.3s)
[34/95] B7-P09     blanket/derive/integrity mag=slight applicable=true (44s)
[35/95] B7-P10     strip/conceal/concealment mag=slight applicable=true (26.5s)
[36/95] B7-P11     blanket/wear/integrity mag=slight applicable=true (24s)
[37/95] B7-P12     strip/conceal/concealment mag=slight applicable=true (33.5s)
[38/95] B7-P13     strip/none/none mag=slight applicable=false (42.5s)
[39/95] B7-P14     key_ring/conceal/none mag=slight applicable=false (48.3s)
[40/95] B7-P15     blanket/wear/integrity mag=slight applicable=true (33.8s)
[41/95] B7-P16     strip/conceal/concealment mag=slight applicable=true (36s)
[42/95] B7-P17     door/reveal/passage mag=slight applicable=true (32.1s)
[43/95] B7-P18     door/reveal/passage mag=slight applicable=true (27.1s)
[44/95] B7-P19     door/reveal/none mag=slight applicable=false (55.2s)
[45/95] B7-P20     loose_tile/reveal/concealment mag=slight applicable=true (21.4s)
[46/95] B7-P21     door/reveal/passage mag=slight applicable=true (30.3s)
[47/95] B7-P22     lock/reveal/integrity mag=slight applicable=true (50.6s)
[48/95] B7-P23     door/reveal/passage mag=slight applicable=true (43s)
[49/95] B7-P24     spoon/conceal/concealment mag=slight applicable=true (25.2s)
[50/95] B7-P25     door/reveal/passage mag=slight applicable=true (38.5s)
[51/95] B7-P26     bar/wear/integrity mag=slight applicable=true (31.7s)
[52/95] B7-P27     spoon/take/none mag=slight applicable=true (25.4s)
[53/95] B7-P28     bar/wear/integrity mag=slight applicable=true (50.9s)
[54/95] B7-P29     bar/wear/integrity mag=slight applicable=true (29s)
[55/95] B7-P30     spoon/conceal/concealment mag=slight applicable=true (45.1s)
[56/95] B7-P31     bar/open/integrity mag=moderate applicable=true (67.5s)
[57/95] B7-P32     spoon/conceal/concealment mag=moderate applicable=true (35.3s)
[58/95] B7-P33     bar/wear/integrity mag=moderate applicable=true (52.9s)
[59/95] B7-P34     window/none/none mag=slight applicable=false (29.7s)
[60/95] B7-P35     spoon/conceal/concealment mag=slight applicable=true (29.5s)
[61/95] B7-P36     bar/wear/integrity mag=slight applicable=true (42.6s)
[62/95] B7-P37     blanket/derive/integrity mag=slight applicable=true (27.5s)
[63/95] B7-P38     strip/conceal/concealment mag=slight applicable=true (25.8s)
[64/95] B7-P39     blanket/derive/integrity mag=moderate applicable=true (21.3s)
[65/95] B7-P40     strip/conceal/concealment mag=slight applicable=true (28.9s)
[66/95] B7-P41     blanket/wear/integrity mag=slight applicable=true (50.7s)
[67/95] B7-P42     strip/conceal/concealment mag=slight applicable=true (34.5s)
[68/95] B7-P43     warden/noise/none mag=slight applicable=true (38.3s)
[69/95] B7-P44     blanket/wear/integrity mag=slight applicable=true (38.6s)
[70/95] B7-P45     strip/conceal/concealment mag=slight applicable=true (36.8s)
[71/95] B7-P46     blanket/derive/integrity mag=slight applicable=true (40.2s)
[72/95] B7-P47     blanket/wear/integrity mag=slight applicable=true (56.8s)
[73/95] B7-P48     strip/none/none mag=slight applicable=false (47.6s)
[74/95] B7-P49     blanket/derive/integrity mag=slight applicable=true (36.5s)
[75/95] B7-P50     blanket/wear/integrity mag=slight applicable=true (36.4s)
[76/95] B7-P51     blanket/derive/integrity mag=slight applicable=true (60.7s)
[77/95] B7-P52     strip/conceal/integrity mag=slight applicable=true (20.1s)
[78/95] B7-P53     blanket/derive/integrity mag=slight applicable=true (22.8s)
[79/95] B7-P54     blanket/derive/integrity mag=slight applicable=true (30.9s)
[80/95] B7-P55     strip/conceal/concealment mag=slight applicable=true (35.3s)
[81/95] B7-P56     blanket/derive/integrity mag=slight applicable=true (41.6s)
[82/95] B7-P57     none/noise/none mag=slight applicable=true (28.6s)
[83/95] B7-P58     loose_tile/reveal/concealment mag=slight applicable=true (34s)
[84/95] B7-P59     prisoner/wear/posture mag=slight applicable=true (25s)
[85/95] B7-P60     prisoner/wear/posture mag=slight applicable=true (40.3s)
[86/95] B7-P61     bar/wear/integrity mag=slight applicable=true (38.2s)
[87/95] B7-W01     bar/reveal/integrity mag=moderate applicable=true (15.1s)
[88/95] B7-W02     lock/reveal/integrity mag=slight applicable=true (47.6s)
[89/95] B7-W03     none/reveal/none mag=slight applicable=false (44.9s)
[90/95] B7-W04     bar/reveal/integrity mag=slight applicable=true (28.6s)
[91/95] B7-W05     lock/reveal/integrity mag=slight applicable=true (25.2s)
[92/95] B7-W06     bar/reveal/integrity mag=slight applicable=true (19.4s)
[93/95] B7-W07     bar/reveal/integrity mag=slight applicable=true (27.6s)
[94/95] B7-W08     lock/reveal/integrity mag=slight applicable=true (29.3s)
[95/95] B7-W09     bar/reveal/integrity mag=slight applicable=true (19s)

done: 95 calls in 3324s -> /Users/derekferguson/rpg/the-prisoner/checkpoints/2026-09-26-human-intents/results.jsonl
